// Jest Snapshot v1, https://goo.gl/fbAQLP

exports[`Testing List component renders correctly 1`] = `
<View
  style={
    Array [
      Object {
        "backgroundColor": "#FFFFFF",
        "elevation": 5,
        "height": 400,
        "justifyContent": "center",
        "left": "10%",
        "position": "absolute",
        "top": "20%",
        "width": "80%",
        "zIndex": 11,
      },
      undefined,
    ]
  }
>
  <View
    accessible={true}
    clickable={false}
    isTVSelectable={true}
    onClick={[Function]}
    onResponderGrant={[Function]}
    onResponderMove={[Function]}
    onResponderRelease={[Function]}
    onResponderTerminate={[Function]}
    onResponderTerminationRequest={[Function]}
    onStartShouldSetResponder={[Function]}
    style={
      Object {
        "opacity": 1,
        "padding": 10,
        "position": "absolute",
        "right": 5,
        "top": 5,
        "zIndex": 13,
      }
    }
  >
    <View>
      <View
        style={
          Object {
            "alignItems": "center",
            "backgroundColor": "transparent",
            "justifyContent": "center",
          }
        }
        theme={
          Object {
            "colors": Object {
              "disabled": "hsl(208, 8%, 90%)",
              "divider": "#bcbbc1",
              "error": "#ff190c",
              "grey0": "#393e42",
              "grey1": "#43484d",
              "grey2": "#5e6977",
              "grey3": "#86939e",
              "grey4": "#bdc6cf",
              "grey5": "#e1e8ee",
              "greyOutline": "#bbb",
              "platform": Object {
                "android": Object {
                  "error": "#f44336",
                  "primary": "#2196f3",
                  "secondary": "#9C27B0",
                  "success": "#4caf50",
                  "warning": "#ffeb3b",
                },
                "ios": Object {
                  "error": "#ff3b30",
                  "primary": "#007aff",
                  "secondary": "#5856d6",
                  "success": "#4cd964",
                  "warning": "#ffcc00",
                },
              },
              "primary": "#2089dc",
              "searchBg": "#303337",
              "secondary": "#8F0CE8",
              "success": "#52c41a",
              "warning": "#faad14",
            },
          }
        }
        underlayColor="white"
      >
        <Text
          allowFontScaling={false}
          style={
            Array [
              Object {
                "color": "#96969C",
                "fontSize": 24,
              },
              Object {
                "backgroundColor": "transparent",
              },
              Object {
                "fontFamily": "Material Icons",
                "fontStyle": "normal",
                "fontWeight": "normal",
              },
              Object {},
            ]
          }
          testID="iconIcon"
        >
          Óóç
        </Text>
      </View>
    </View>
  </View>
  <RCTScrollView
    nestedScrollEnabled={true}
  >
    <View>
      <View
        accessible={true}
        clickable={true}
        isTVSelectable={true}
        onClick={[Function]}
        onResponderGrant={[Function]}
        onResponderMove={[Function]}
        onResponderRelease={[Function]}
        onResponderTerminate={[Function]}
        onResponderTerminationRequest={[Function]}
        onStartShouldSetResponder={[Function]}
        style={
          Object {
            "borderBottomColor": "#6D6C6C",
            "borderBottomWidth": 1,
            "opacity": 1,
            "paddingVertical": 5,
            "zIndex": 12,
          }
        }
      >
        <Text
          style={
            Object {
              "fontSize": 14,
              "padding": 20,
            }
          }
        >
          option1
        </Text>
      </View>
      <View
        accessible={true}
        clickable={true}
        isTVSelectable={true}
        onClick={[Function]}
        onResponderGrant={[Function]}
        onResponderMove={[Function]}
        onResponderRelease={[Function]}
        onResponderTerminate={[Function]}
        onResponderTerminationRequest={[Function]}
        onStartShouldSetResponder={[Function]}
        style={
          Object {
            "backgroundColor": "#5367FF",
            "borderBottomColor": "#6D6C6C",
            "borderBottomWidth": 1,
            "opacity": 1,
            "paddingVertical": 5,
            "zIndex": 12,
          }
        }
      >
        <Text
          style={
            Object {
              "color": "#FFFFFF",
              "fontSize": 14,
              "padding": 20,
            }
          }
        >
          option2
        </Text>
      </View>
      <View
        accessible={true}
        clickable={true}
        isTVSelectable={true}
        onClick={[Function]}
        onResponderGrant={[Function]}
        onResponderMove={[Function]}
        onResponderRelease={[Function]}
        onResponderTerminate={[Function]}
        onResponderTerminationRequest={[Function]}
        onStartShouldSetResponder={[Function]}
        style={
          Object {
            "borderBottomColor": "#6D6C6C",
            "borderBottomWidth": 1,
            "opacity": 1,
            "paddingVertical": 5,
            "zIndex": 12,
          }
        }
      >
        <Text
          style={
            Object {
              "fontSize": 14,
              "padding": 20,
            }
          }
        >
          option3
        </Text>
      </View>
    </View>
  </RCTScrollView>
</View>
`;
