// Jest Snapshot v1, https://goo.gl/fbAQLP

exports[`Testing Expandable component renders correctly 1`] = `
<View
  style={
    Array [
      Object {
        "alignSelf": "center",
        "marginVertical": 5,
        "paddingHorizontal": 10,
        "width": "100%",
      },
      undefined,
    ]
  }
>
  <View
    accessible={true}
    clickable={true}
    isTVSelectable={true}
    onClick={[Function]}
    onResponderGrant={[Function]}
    onResponderMove={[Function]}
    onResponderRelease={[Function]}
    onResponderTerminate={[Function]}
    onResponderTerminationRequest={[Function]}
    onStartShouldSetResponder={[Function]}
    style={
      Object {
        "alignItems": "center",
        "alignSelf": "center",
        "backgroundColor": "#22222C",
        "elevation": 2,
        "flexDirection": "row",
        "fontSize": 12,
        "justifyContent": "space-between",
        "opacity": 1,
        "padding": 20,
        "width": "100%",
      }
    }
  >
    <Text
      style={
        Array [
          Object {
            "color": "#FFFFFF",
            "fontSize": 16,
            "width": "60%",
          },
          undefined,
        ]
      }
    >
      Click me to see details
    </Text>
    <View
      style={
        Object {
          "alignItems": "center",
          "flexDirection": "row",
          "justifyContent": "flex-end",
          "width": "40%",
        }
      }
    >
      <View>
        <View
          style={
            Object {
              "alignItems": "center",
              "backgroundColor": "transparent",
              "justifyContent": "center",
            }
          }
          theme={
            Object {
              "colors": Object {
                "disabled": "hsl(208, 8%, 90%)",
                "divider": "#bcbbc1",
                "error": "#ff190c",
                "grey0": "#393e42",
                "grey1": "#43484d",
                "grey2": "#5e6977",
                "grey3": "#86939e",
                "grey4": "#bdc6cf",
                "grey5": "#e1e8ee",
                "greyOutline": "#bbb",
                "platform": Object {
                  "android": Object {
                    "error": "#f44336",
                    "primary": "#2196f3",
                    "secondary": "#9C27B0",
                    "success": "#4caf50",
                    "warning": "#ffeb3b",
                  },
                  "ios": Object {
                    "error": "#ff3b30",
                    "primary": "#007aff",
                    "secondary": "#5856d6",
                    "success": "#4cd964",
                    "warning": "#ffcc00",
                  },
                },
                "primary": "#2089dc",
                "searchBg": "#303337",
                "secondary": "#8F0CE8",
                "success": "#52c41a",
                "warning": "#faad14",
              },
            }
          }
          underlayColor="white"
        >
          <Text
            allowFontScaling={false}
            style={
              Array [
                Object {
                  "color": "#FFFFFF",
                  "fontSize": 20,
                },
                Object {
                  "backgroundColor": "transparent",
                },
                Object {
                  "fontFamily": "Entypo",
                  "fontStyle": "normal",
                  "fontWeight": "normal",
                },
                Object {},
              ]
            }
            testID="iconIcon"
          >
            ÔÖÅ
          </Text>
        </View>
      </View>
    </View>
  </View>
  <View />
</View>
`;
